// Jest Snapshot v1, https://goo.gl/fbAQLP

exports[`should match the snapshot 1`] = `"<form class=\\"\\"><div class=\\"form-group\\"><label class=\\"form-label\\"></label><input type=\\"number\\" class=\\"form-control form-control-lg\\" value=\\"\\"><button type=\\"submit\\" class=\\"formButton btn btn-primary\\">Submit</button></div></form>"`;
