// Jest Snapshot v1, https://goo.gl/fbAQLP

exports[`should match the snapshot 1`] = `"<div class=\\"App\\"><div class=\\"header jumbotron jumbotron-fluid\\"><div class=\\"container\\"><h1>Prime Time</h1><h5>By Joseph Bianchi</h5><p>This is an application that was built with<strong> React Hooks</strong>, the application communicates with an<strong> Express Server</strong>. The application accepts a 'max number' and returns the median prime number from a list of all the prime numbers that are less than the provided 'max number'.</p><small>Ancient Alogrithmic Approach: Sieve of Eratosthenes</small></div></div><div class=\\"container-fluid\\"><div class=\\"row\\"><div class=\\"col-md-4 offset-md-2\\"><h3>Median Prime Numbers<strong></strong></h3><form class=\\"\\"><div class=\\"form-group\\"><label class=\\"form-label\\">Non-Inclusive Max</label><input placeholder=\\"Enter a Number greater than or equal to 3\\" type=\\"number\\" class=\\"form-control form-control-lg\\" value=\\"\\"><button type=\\"submit\\" class=\\"formButton btn btn-primary\\">Submit</button></div></form></div></div><div class=\\"row\\"><div class=\\"col-md-4 offset-md-2\\"><div><div><div class=\\"numCard card\\"><p>3</p></div><div class=\\"numCard card\\"><p>2</p></div></div></div></div><div class=\\"col\\"><svg stroke=\\"currentColor\\" fill=\\"currentColor\\" stroke-width=\\"0\\" viewBox=\\"0 0 24 24\\" class=\\"successIcon\\" height=\\"1em\\" width=\\"1em\\" xmlns=\\"http://www.w3.org/2000/svg\\"><path d=\\"M12 2C6.48 2 2 6.48 2 12s4.48 10 10 10 10-4.48 10-10S17.52 2 12 2zm-2 15l-5-5 1.41-1.41L10 14.17l7.59-7.59L19 8l-9 9z\\"></path></svg></div></div></div></div>"`;
